✔ [8247/8260] Built DedekindReals.Impl.Cut (720ms)
✔ [8249/8260] Built DedekindReals.Impl.Archimedean (808ms)
✔ [8250/8260] Built DedekindReals.Impl.Additive (1.1s)
✔ [8251/8260] Built DedekindReals.Impl.Completeness (1.2s)
✔ [8252/8260] Built DedekindReals.Impl.DecOrder (565ms)
✔ [8253/8260] Built DedekindReals.Impl.Multiplication (831ms)
✔ [8254/8260] Built DedekindReals.Impl.Cauchy (2.1s)
✔ [8255/8260] Built DedekindReals.Impl.Order (423ms)
✔ [8256/8260] Built DedekindReals.Impl.MinMax (672ms)
✔ [8257/8260] Built DedekindReals.Impl.MiscLemmas (53s)
✔ [8258/8260] Built DedekindReals.Bundle (41s)
✔ [8259/8260] Built DedekindReals.Harness (41s)
✖ [8260/8260] Building DedekindReals.Spec.Multiplication (39s)
trace: .> LEAN_PATH=$VERO_CHECKOUT/benchmarks/DedekindReals/.lake/packages/Cli/.lake/build/lib/lean:$VERO_CHECKOUT/benchmarks/DedekindReals/.lake/packages/batteries/.lake/build/lib/lean:$VERO_CHECKOUT/benchmarks/DedekindReals/.lake/packages/Qq/.lake/build/lib/lean:$VERO_CHECKOUT/benchmarks/DedekindReals/.lake/packages/aesop/.lake/build/lib/lean:$VERO_CHECKOUT/benchmarks/DedekindReals/.lake/packages/proofwidgets/.lake/build/lib/lean:$VERO_CHECKOUT/benchmarks/DedekindReals/.lake/packages/importGraph/.lake/build/lib/lean:$VERO_CHECKOUT/benchmarks/DedekindReals/.lake/packages/LeanSearchClient/.lake/build/lib/lean:$VERO_CHECKOUT/benchmarks/DedekindReals/.lake/packages/plausible/.lake/build/lib/lean:$VERO_CHECKOUT/benchmarks/DedekindReals/.lake/packages/mathlib/.lake/build/lib/lean:$VERO_CHECKOUT/benchmarks/DedekindReals/.lake/build/lib/lean $ELAN_HOME/toolchains/leanprover--lean4---v4.29.1/bin/lean $VERO_CHECKOUT/benchmarks/DedekindReals/DedekindReals/Spec/Multiplication.lean -o $VERO_CHECKOUT/benchmarks/DedekindReals/.lake/build/lib/lean/DedekindReals/Spec/Multiplication.olean -i $VERO_CHECKOUT/benchmarks/DedekindReals/.lake/build/lib/lean/DedekindReals/Spec/Multiplication.ilean -c $VERO_CHECKOUT/benchmarks/DedekindReals/.lake/build/ir/DedekindReals/Spec/Multiplication.c --setup $VERO_CHECKOUT/benchmarks/DedekindReals/.lake/build/ir/DedekindReals/Spec/Multiplication.setup.json --json
error: DedekindReals/Spec/Multiplication.lean:146:35: Application type mismatch: The argument
  xNZ
has type
  impl.dedekindReals.Rneq x (impl.dedekindReals.R_of_Q 0)
but is expected to have type
  Rneq x (R_of_Q 0)
in the application
  impl.dedekindReals.Rinv x xNZ
error: DedekindReals/Spec/Multiplication.lean:153:58: Application type mismatch: The argument
  xNZ
has type
  impl.dedekindReals.Rneq x (impl.dedekindReals.R_of_Q 0)
but is expected to have type
  Rneq x (R_of_Q 0)
in the application
  impl.dedekindReals.Rinv x xNZ
error: DedekindReals/Spec/Multiplication.lean:154:59: Application type mismatch: The argument
  mxNZ
has type
  impl.dedekindReals.Rneq (impl.dedekindReals.Ropp x) (impl.dedekindReals.R_of_Q 0)
but is expected to have type
  Rneq (impl.dedekindReals.Ropp x) (R_of_Q 0)
in the application
  impl.dedekindReals.Rinv (impl.dedekindReals.Ropp x) mxNZ
error: DedekindReals/Spec/Multiplication.lean:161:61: Application type mismatch: The argument
  xNZ
has type
  impl.dedekindReals.Rneq x (impl.dedekindReals.R_of_Q 0)
but is expected to have type
  Rneq x (R_of_Q 0)
in the application
  impl.dedekindReals.Rinv x xNZ
error: DedekindReals/Spec/Multiplication.lean:169:61: Application type mismatch: The argument
  xNZ
has type
  impl.dedekindReals.Rneq x (impl.dedekindReals.R_of_Q 0)
but is expected to have type
  Rneq x (R_of_Q 0)
in the application
  impl.dedekindReals.Rinv x xNZ
error: DedekindReals/Spec/Multiplication.lean:176:59: Application type mismatch: The argument
  xNZ
has type
  impl.dedekindReals.Rneq x (impl.dedekindReals.R_of_Q 0)
but is expected to have type
  Rneq x (R_of_Q 0)
in the application
  impl.dedekindReals.Rinv x xNZ
error: DedekindReals/Spec/Multiplication.lean:183:61: Application type mismatch: The argument
  xNZ
has type
  impl.dedekindReals.Rneq x (impl.dedekindReals.R_of_Q 0)
but is expected to have type
  Rneq x (R_of_Q 0)
in the application
  impl.dedekindReals.Rinv x xNZ
error: Lean exited with code 1
Some required targets logged failures:
- DedekindReals.Spec.Multiplication
